                      :-) GROMACS - gmx mdrun, 2025.2 (-:

Executable:   /home/yongsang/Research/PSID_server_room/GROMACS/gromacs-2025.2/build/bin/gmx
Data prefix:  /home/yongsang/Research/PSID_server_room/GROMACS/gromacs-2025.2 (source tree)
Working dir:  /home/yongsang/Research/PSID_server_room/GROMACS/gromacs-2025.2/build/tests/complex/orientation-restraints
Command line:
  gmx mdrun -ntmpi 1 -notunepme

Reading file topol.tpr, VERSION 2025.2 (single precision)
Orientation restraints only supports a single rank. Choosing to use only a single thread-MPI rank.
Changing nstlist from 10 to 100, rlist from 2 to 2


Using 1 MPI thread
Using 36 OpenMP threads 

starting mdrun 'Protein'
10 steps,      0.0 ps.

Writing final coordinates.

               Core t (s)   Wall t (s)        (%)
       Time:        0.433        0.012     3581.0
                 (ns/day)    (hour/ns)
Performance:      157.178        0.153

Thanx for Using GROMACS - Have a Nice Day

