                      :-) GROMACS - gmx mdrun, 2025.2 (-:

Executable:   /home/yongsang/Research/PSID_server_room/GROMACS/gromacs-2025.2/build/bin/gmx
Data prefix:  /home/yongsang/Research/PSID_server_room/GROMACS/gromacs-2025.2 (source tree)
Working dir:  /home/yongsang/Research/PSID_server_room/GROMACS/gromacs-2025.2/build/tests/complex/ethyleenglycol
Command line:
  gmx mdrun -notunepme

Reading file topol.tpr, VERSION 2025.2 (single precision)

NOTE: Parallelization is limited by the small number of atoms,
      only starting 16 thread-MPI ranks.
      You can use the -nt and/or -ntmpi option to optimize the number of threads.

Changing nstlist from 5 to 25, rlist from 1.015 to 1.115

Update groups can not be used for this system because there are three or more consecutively coupled constraints

Using 16 MPI threads
Using 2 OpenMP threads per tMPI thread

starting mdrun 'ethylene glycol'
20 steps,      0.0 ps.

Writing final coordinates.

               Core t (s)   Wall t (s)        (%)
       Time:        0.468        0.015     3188.4
                 (ns/day)    (hour/ns)
Performance:      123.499        0.194

Thanx for Using GROMACS - Have a Nice Day

