                      :-) GROMACS - gmx mdrun, 2025.2 (-:

Executable:   /home/yongsang/Research/PSID_server_room/GROMACS/gromacs-2025.2/build/bin/gmx
Data prefix:  /home/yongsang/Research/PSID_server_room/GROMACS/gromacs-2025.2 (source tree)
Working dir:  /home/yongsang/Research/PSID_server_room/GROMACS/gromacs-2025.2/build/tests/complex/nacl
Command line:
  gmx mdrun -notunepme

Reading file topol.tpr, VERSION 2025.2 (single precision)

NOTE: Parallelization is limited by the small number of atoms,
      only starting 6 thread-MPI ranks.
      You can use the -nt and/or -ntmpi option to optimize the number of threads.

Changing nstlist from 5 to 25, rlist from 1 to 1.092

Using 6 MPI threads
Using 6 OpenMP threads per tMPI thread

starting mdrun 'Salt'
20 steps,      0.1 ps.

Writing final coordinates.

NOTE: 49 % of the run time was spent communicating energies,
      you might want to increase some nst* mdp options

               Core t (s)   Wall t (s)        (%)
       Time:        0.426        0.012     3585.5
                 (ns/day)    (hour/ns)
Performance:      763.409        0.031

Thanx for Using GROMACS - Have a Nice Day

