                      :-) GROMACS - gmx mdrun, 2025.2 (-:

Executable:   /home/yongsang/Research/PSID_server_room/GROMACS/gromacs-2025.2/build/bin/gmx
Data prefix:  /home/yongsang/Research/PSID_server_room/GROMACS/gromacs-2025.2 (source tree)
Working dir:  /home/yongsang/Research/PSID_server_room/GROMACS/gromacs-2025.2/build/tests/complex/pull_cylinder
Command line:
  gmx mdrun -notunepme

Reading file topol.tpr, VERSION 2025.2 (single precision)

NOTE: Parallelization is limited by the small number of atoms,
      only starting 24 thread-MPI ranks.
      You can use the -nt and/or -ntmpi option to optimize the number of threads.

Changing nstlist from 10 to 25, rlist from 0.947 to 1.075

Update groups can not be used for this system because there are three or more consecutively coupled constraints

Using 24 MPI threads
Using 1 OpenMP thread per tMPI thread

starting mdrun 'water+hexane'
20 steps,      0.0 ps.

Writing final coordinates.

               Core t (s)   Wall t (s)        (%)
       Time:        0.269        0.011     2387.1
                 (ns/day)    (hour/ns)
Performance:      321.434        0.075

Thanx for Using GROMACS - Have a Nice Day

