Generated 20503 of the 20503 non-bonded parameter combinations

Generated 17396 of the 20503 1-4 parameter combinations

Excluding 3 bonded neighbours molecule type 'Protein'

turning H bonds into constraints...

Taking velocities from '/home/yongsang/Research/PSID_server_room/GROMACS/gromacs-2025.2/build/tests/regressiontests-2025.2/complex/aminoacids/conf.gro'
Analysing residue names:
There are:    64    Protein residues
Analysing Protein...

Determining Verlet buffer for a tolerance of 0.005 kJ/mol/ps at 300 K

Calculated rlist for 1x1 atom pair-list as 5.057 nm, buffer size 0.057 nm

Set rlist, assuming 4x4 atom pair-list, to 5.026 nm, buffer size 0.026 nm

Note that mdrun will redetermine rlist based on the actual pair-list setup

This run will generate roughly 0 Mb of data
