                      :-) GROMACS - gmx mdrun, 2025.2 (-:

Executable:   /home/yongsang/Research/PSID_server_room/GROMACS/gromacs-2025.2/build/bin/gmx
Data prefix:  /home/yongsang/Research/PSID_server_room/GROMACS/gromacs-2025.2 (source tree)
Working dir:  /home/yongsang/Research/PSID_server_room/GROMACS/gromacs-2025.2/build/tests/complex/awh_multibias
Command line:
  gmx mdrun -notunepme -cpi /home/yongsang/Research/PSID_server_room/GROMACS/gromacs-2025.2/build/tests/regressiontests-2025.2/complex/awh_multibias/continue -noappend

Reading file topol.tpr, VERSION 2025.2 (single precision)

NOTE: Parallelization is limited by the small number of atoms,
      only starting 1 thread-MPI ranks.
      You can use the -nt and/or -ntmpi option to optimize the number of threads.

Changing nstlist from 10 to 40, rlist from 1.004 to 1.143

Using 1 MPI thread
Using 16 OpenMP threads 

starting mdrun 'Alanine-dipeptide'
50 steps,      0.1 ps (continuing from step 20,      0.0 ps).

Writing final coordinates.

               Core t (s)   Wall t (s)        (%)
       Time:        0.091        0.006     1584.1
                 (ns/day)    (hour/ns)
Performance:      932.749        0.026

Thanx for Using GROMACS - Have a Nice Day

