                      :-) GROMACS - gmx mdrun, 2025.2 (-:

Executable:   /home/yongsang/Research/PSID_server_room/GROMACS/gromacs-2025.2/build/bin/gmx
Data prefix:  /home/yongsang/Research/PSID_server_room/GROMACS/gromacs-2025.2 (source tree)
Working dir:  /home/yongsang/Research/PSID_server_room/GROMACS/gromacs-2025.2/build/tests/complex/argon
Command line:
  gmx mdrun -nb cpu -notunepme

Reading file topol.tpr, VERSION 2025.2 (single precision)

NOTE: Parallelization is limited by the small number of atoms,
      only starting 1 thread-MPI ranks.
      You can use the -nt and/or -ntmpi option to optimize the number of threads.

Using 1 MPI thread
Using 16 OpenMP threads 

starting mdrun 'Argon'
20 steps,      0.0 ps.

Writing final coordinates.

NOTE: 11 % of the run time was spent in pair search,
      you might want to increase nstlist (this has no effect on accuracy)

               Core t (s)   Wall t (s)        (%)
       Time:        0.066        0.004     1586.1
                 (ns/day)    (hour/ns)
Performance:      875.534        0.027

Thanx for Using GROMACS - Have a Nice Day

