Generated 2145 of the 2145 non-bonded parameter combinations

Generated 2145 of the 2145 1-4 parameter combinations

Excluding 3 bonded neighbours molecule type 'URE'

Excluding 2 bonded neighbours molecule type 'SOL'

Taking velocities from '/home/yongsang/Research/PSID_server_room/GROMACS/gromacs-2025.2/build/tests/regressiontests-2025.2/complex/urea/conf.gro', all velocities are zero
Analysing residue names:
There are:    36      Other residues
There are:   357      Water residues
Analysing residues not classified as Protein/DNA/RNA/Water and splitting into groups...

This run will generate roughly 0 Mb of data
