                      :-) GROMACS - gmx mdrun, 2025.2 (-:

Executable:   /home/yongsang/Research/PSID_server_room/GROMACS/gromacs-2025.2/build/bin/gmx
Data prefix:  /home/yongsang/Research/PSID_server_room/GROMACS/gromacs-2025.2 (source tree)
Working dir:  /home/yongsang/Research/PSID_server_room/GROMACS/gromacs-2025.2/build/tests/complex/cbt
Command line:
  gmx mdrun -nb cpu -notunepme

Reading file topol.tpr, VERSION 2025.2 (single precision)

NOTE: Parallelization is limited by the small number of atoms,
      only starting 1 thread-MPI ranks.
      You can use the -nt and/or -ntmpi option to optimize the number of threads.

Changing nstlist from 5 to 20, rlist from 1.2 to 1.437

Using 1 MPI thread
Using 16 OpenMP threads 

starting mdrun 'PEG polymer (37 monomers) in solution'
10 steps,      0.4 ps.

Writing final coordinates.

               Core t (s)   Wall t (s)        (%)
       Time:        0.053        0.003     1583.4
                 (ns/day)    (hour/ns)
Performance:    11283.749        0.002

Thanx for Using GROMACS - Have a Nice Day

