                      :-) GROMACS - gmx mdrun, 2025.2 (-:

Executable:   /home/yongsang/Research/PSID_server_room/GROMACS/gromacs-2025.2/build/bin/gmx
Data prefix:  /home/yongsang/Research/PSID_server_room/GROMACS/gromacs-2025.2 (source tree)
Working dir:  /home/yongsang/Research/PSID_server_room/GROMACS/gromacs-2025.2/build/tests/complex/walls
Command line:
  gmx mdrun -notunepme

Reading file topol.tpr, VERSION 2025.2 (single precision)

NOTE: Parallelization is limited by the small number of atoms,
      only starting 6 thread-MPI ranks.
      You can use the -nt and/or -ntmpi option to optimize the number of threads.

Changing nstlist from 10 to 25, rlist from 0.9 to 0.948

Using 6 MPI threads
Using 6 OpenMP threads per tMPI thread

starting mdrun 'Water'
20 steps,      0.0 ps.

Writing final coordinates.

               Core t (s)   Wall t (s)        (%)
       Time:        0.344        0.010     3579.9
                 (ns/day)    (hour/ns)
Performance:      377.229        0.064

Thanx for Using GROMACS - Have a Nice Day

