                      :-) GROMACS - gmx mdrun, 2025.2 (-:

Executable:   /home/yongsang/Research/PSID_server_room/GROMACS/gromacs-2025.2/build/bin/gmx
Data prefix:  /home/yongsang/Research/PSID_server_room/GROMACS/gromacs-2025.2 (source tree)
Working dir:  /home/yongsang/Research/PSID_server_room/GROMACS/gromacs-2025.2/build/tests/complex/distance_restraints
Command line:
  gmx mdrun -ntmpi 1 -notunepme

Reading file topol.tpr, VERSION 2025.2 (single precision)
Changing nstlist from 10 to 25, rlist from 1.062 to 1.186

Using 1 MPI thread
Using 36 OpenMP threads 

starting mdrun 'UBIQUITIN t=   0.00000'
10 steps,      0.0 ps.

Writing final coordinates.

NOTE: 12 % of the run time was spent in pair search,
      you might want to increase nstlist (this has no effect on accuracy)

               Core t (s)   Wall t (s)        (%)
       Time:        0.204        0.006     3569.8
                 (ns/day)    (hour/ns)
Performance:      332.300        0.072

Thanx for Using GROMACS - Have a Nice Day

