                      :-) GROMACS - gmx mdrun, 2025.2 (-:

Executable:   /home/yongsang/Research/PSID_server_room/GROMACS/gromacs-2025.2/build/bin/gmx
Data prefix:  /home/yongsang/Research/PSID_server_room/GROMACS/gromacs-2025.2 (source tree)
Working dir:  /home/yongsang/Research/PSID_server_room/GROMACS/gromacs-2025.2/build/tests/complex/nbnxn_rzero
Command line:
  gmx mdrun -notunepme

Reading file topol.tpr, VERSION 2025.2 (single precision)

NOTE: Parallelization is limited by the small number of atoms,
      only starting 1 thread-MPI ranks.
      You can use the -nt and/or -ntmpi option to optimize the number of threads.

Can not increase nstlist because an NVE ensemble is used
Using 1 MPI thread
Using 16 OpenMP threads 

starting mdrun 'dipoles'
20 steps,      0.0 ps.

Writing final coordinates.

               Core t (s)   Wall t (s)        (%)
       Time:        0.051        0.003     1583.2
                 (ns/day)    (hour/ns)
Performance:     1127.012        0.021

Thanx for Using GROMACS - Have a Nice Day

